
> @plotops/shared@1.0.0 build /Users/benjaminbruton/Desktop/PlotOps/packages/shared
> tsup

CLI Building entry: src/index.ts
CLI Using tsconfig: ../../tsconfig.json
CLI tsup v7.2.0
CLI Using tsup config: /Users/benjaminbruton/Desktop/PlotOps/packages/shared/tsup.config.ts
CLI Target: es2022
CLI Cleaning output folder
CJS Build start
ESM Build start
ESM dist/index.mjs     12.57 KB
ESM dist/index.mjs.map 26.58 KB
ESM ⚡️ Build success in 39ms
CJS dist/index.js     15.62 KB
CJS dist/index.js.map 26.92 KB
CJS ⚡️ Build success in 39ms
DTS Build start
DTS ⚡️ Build success in 1441ms
DTS dist/index.d.ts  6.39 KB
DTS dist/index.d.mts 6.39 KB
 ELIFECYCLE  Command failed.
