
> @plotops/business-logic@1.0.0 build /Users/benjaminbruton/Desktop/PlotOps/packages/business-logic
> tsup

CLI Building entry: src/index.ts
CLI Using tsconfig: ../../tsconfig.json
CLI tsup v7.2.0
CLI Using tsup config: /Users/benjaminbruton/Desktop/PlotOps/packages/business-logic/tsup.config.ts
CLI Target: es2022
CLI Cleaning output folder
CJS Build start
ESM Build start
CJS dist/index.js     20.57 KB
CJS dist/index.js.map 57.66 KB
CJS ⚡️ Build success in 48ms
ESM dist/index.mjs     19.34 KB
ESM dist/index.mjs.map 57.59 KB
ESM ⚡️ Build success in 49ms
DTS Build start
DTS ⚡️ Build success in 1429ms
DTS dist/index.d.ts  5.79 KB
DTS dist/index.d.mts 5.79 KB
 ELIFECYCLE  Command failed.
