
> @plotops/config@1.0.0 build /Users/benjaminbruton/Desktop/PlotOps/packages/config
> tsup

CLI Building entry: src/index.ts
CLI Using tsconfig: ../../tsconfig.json
CLI tsup v7.2.0
CLI Using tsup config: /Users/benjaminbruton/Desktop/PlotOps/packages/config/tsup.config.ts
CLI Target: es2022
CLI Cleaning output folder
CJS Build start
ESM Build start
ESM dist/index.mjs     19.58 KB
ESM dist/index.mjs.map 36.14 KB
ESM ⚡️ Build success in 23ms
CJS dist/index.js     22.58 KB
CJS dist/index.js.map 36.35 KB
CJS ⚡️ Build success in 23ms
DTS Build start
DTS ⚡️ Build success in 1286ms
DTS dist/index.d.ts  18.08 KB
DTS dist/index.d.mts 18.08 KB
