
> @plotops/auth@1.0.0 build /Users/benjaminbruton/Desktop/PlotOps/packages/auth
> tsup

CLI Building entry: src/index.ts
CLI Using tsconfig: ../../tsconfig.json
CLI tsup v7.2.0
CLI Using tsup config: /Users/benjaminbruton/Desktop/PlotOps/packages/auth/tsup.config.ts
CLI Target: es2022
CLI Cleaning output folder
CJS Build start
ESM Build start
ESM dist/index.mjs     26.83 KB
ESM dist/index.mjs.map 56.35 KB
ESM ⚡️ Build success in 35ms
CJS dist/index.js     29.47 KB
CJS dist/index.js.map 56.53 KB
CJS ⚡️ Build success in 36ms
DTS Build start
DTS ⚡️ Build success in 1380ms
DTS dist/index.d.ts  4.95 KB
DTS dist/index.d.mts 4.95 KB
